// Jest Snapshot v1, https://goo.gl/fbAQLP

exports[`Business Creator Display should render correctly when component called 1`] = `
<Fragment>
  <h3>
    Create your business
  </h3>
  <div
    className="form"
  >
    <form
      onSubmit={[Function]}
    >
      <div
        className="input-box-type1"
      >
        <label>
          Name of business 
          <span
            className="required-span"
          >
            *
          </span>
        </label>
        <input
          id="test1"
          name="name"
          onChange={[Function]}
          placeholder="business name..."
          type="text"
        />
      </div>
      <br />
      <div
        className="input-box-type1"
      >
        <label>
          Address 
          <span
            className="required-span"
          >
            *
          </span>
        </label>
        <input
          name="street"
          onChange={[Function]}
          placeholder="address"
          type="text"
        />
      </div>
      <div
        className="input-box-type1"
      >
        <label>
          Building number 
        </label>
        <input
          name="building_number"
          onChange={[Function]}
          placeholder="Enter building number..."
          type="integer"
        />
      </div>
      <div
        className="input-box-type1"
      >
        <label>
          City 
          <span
            className="required-span"
          >
            *
          </span>
        </label>
        <input
          name="city"
          onChange={[Function]}
          placeholder="City name..."
          type="text"
        />
      </div>
      <div
        className="input-box-type1"
      >
        <label>
          State 
          <span
            className="required-span"
          >
            *
          </span>
        </label>
        <input
          name="state"
          onChange={[Function]}
          placeholder="Enter state"
          type="text"
        />
      </div>
      <div
        className="input-box-type1"
      >
        <label>
          zipcode
          <span
            className="required-span"
          >
            *
          </span>
        </label>
        <input
          name="zipcode"
          onChange={[Function]}
          placeholder="zipcode..."
          type="integer"
        />
      </div>
      <div
        className="input-box-type1"
      >
        <label>
          Description
        </label>
        <textarea
          name="description"
          onChange={[Function]}
          placeholder="description of resturant..."
          type="text"
        />
      </div>
      <div
        className="input-box-type1"
      >
        <label>
          Theme
        </label>
        <input
          name="theme"
          onChange={[Function]}
          placeholder="Enter restaurant theme..."
          type="text"
        />
      </div>
      <div
        className="input-box-type1"
      >
        <label>
          Website
        </label>
        <input
          name="website"
          onChange={[Function]}
          placeholder="Enter website..."
          type="text"
        />
      </div>
      <span
        className="required-span"
      >
        * required
      </span>
      <ImageUploader
        selectImage={[Function]}
        unselectImage={[Function]}
      />
      <button
        className="create-business-button"
      >
         Create Business 
      </button>
    </form>
  </div>
</Fragment>
`;

exports[`Business Creator Renders should render correctly when component called 1`] = `
<Fragment>
  <h3>
    Create your business
  </h3>
  <div
    className="form"
  >
    <form
      onSubmit={[Function]}
    >
      <div
        className="input-box-type1"
      >
        <label>
          Name of business 
          <span
            className="required-span"
          >
            *
          </span>
        </label>
        <input
          id="test1"
          name="name"
          onChange={[Function]}
          placeholder="business name..."
          type="text"
        />
      </div>
      <br />
      <div
        className="input-box-type1"
      >
        <label>
          Address 
          <span
            className="required-span"
          >
            *
          </span>
        </label>
        <input
          name="street"
          onChange={[Function]}
          placeholder="address"
          type="text"
        />
      </div>
      <div
        className="input-box-type1"
      >
        <label>
          Building number 
        </label>
        <input
          name="building_number"
          onChange={[Function]}
          placeholder="Enter building number..."
          type="integer"
        />
      </div>
      <div
        className="input-box-type1"
      >
        <label>
          City 
          <span
            className="required-span"
          >
            *
          </span>
        </label>
        <input
          name="city"
          onChange={[Function]}
          placeholder="City name..."
          type="text"
        />
      </div>
      <div
        className="input-box-type1"
      >
        <label>
          State 
          <span
            className="required-span"
          >
            *
          </span>
        </label>
        <input
          name="state"
          onChange={[Function]}
          placeholder="Enter state"
          type="text"
        />
      </div>
      <div
        className="input-box-type1"
      >
        <label>
          zipcode
          <span
            className="required-span"
          >
            *
          </span>
        </label>
        <input
          name="zipcode"
          onChange={[Function]}
          placeholder="zipcode..."
          type="integer"
        />
      </div>
      <div
        className="input-box-type1"
      >
        <label>
          Description
        </label>
        <textarea
          name="description"
          onChange={[Function]}
          placeholder="description of resturant..."
          type="text"
        />
      </div>
      <div
        className="input-box-type1"
      >
        <label>
          Theme
        </label>
        <input
          name="theme"
          onChange={[Function]}
          placeholder="Enter restaurant theme..."
          type="text"
        />
      </div>
      <div
        className="input-box-type1"
      >
        <label>
          Website
        </label>
        <input
          name="website"
          onChange={[Function]}
          placeholder="Enter website..."
          type="text"
        />
      </div>
      <span
        className="required-span"
      >
        * required
      </span>
      <ImageUploader
        selectImage={[Function]}
        unselectImage={[Function]}
      />
      <button
        className="create-business-button"
      >
         Create Business 
      </button>
    </form>
  </div>
</Fragment>
`;
