// Jest Snapshot v1, https://goo.gl/fbAQLP

exports[`Navigation Bar should render correctly 1`] = `
<ContextConsumer>
  <Component />
</ContextConsumer>
`;

exports[`Navigation Bar should render correctly in "debug" mode 1`] = `
<ContextConsumer>
  <Component />
</ContextConsumer>
`;
