// Jest Snapshot v1, https://goo.gl/fbAQLP

exports[`Marker has positions Marker function loads without crashing Google Maps 1`] = `
<div
  className="map"
  id="google-map"
/>
`;
